// Jest Snapshot v1, https://goo.gl/fbAQLP

exports[`Popconfirm should show overlay when trigger is clicked 1`] = `"<div class=\\"wmstool-popover-content\\"><div class=\\"wmstool-popover-arrow\\"></div><div class=\\"wmstool-popover-inner\\"><div><div class=\\"wmstool-popover-inner-content\\"><div class=\\"wmstool-popover-message\\"><i class=\\"anticon anticon-exclamation-circle\\"></i><div class=\\"wmstool-popover-message-title\\">code</div></div><div class=\\"wmstool-popover-buttons\\"><button type=\\"button\\" class=\\"wmstool-btn wmstool-btn-sm\\"><span>Cancel</span></button><button type=\\"button\\" class=\\"wmstool-btn wmstool-btn-primary wmstool-btn-sm\\"><span>OK</span></button></div></div></div></div></div>"`;

exports[`Popconfirm should show overlay when trigger is clicked 2`] = `"<div class=\\"wmstool-popover-content\\"><div class=\\"wmstool-popover-arrow\\"></div><div class=\\"wmstool-popover-inner\\"><div><div class=\\"wmstool-popover-inner-content\\"><div class=\\"wmstool-popover-message\\"><i class=\\"anticon anticon-exclamation-circle\\"></i><div class=\\"wmstool-popover-message-title\\">code</div></div><div class=\\"wmstool-popover-buttons\\"><button type=\\"button\\" class=\\"wmstool-btn wmstool-btn-sm\\"><span>Cancel</span></button><button type=\\"button\\" class=\\"wmstool-btn wmstool-btn-primary wmstool-btn-sm\\"><span>OK</span></button></div></div></div></div></div>"`;
