// Jest Snapshot v1, https://goo.gl/fbAQLP

exports[`renders ./components/locale-provider/demo/all.md correctly 1`] = `
<div>
  <div
    class="change-locale"
  >
    <span
      style="margin-right:16px"
    >
      Change locale of components: 
    </span>
    <div
      class="wmstool-radio-group"
    >
      <label
        class="wmstool-radio-button-wrapper wmstool-radio-button-wrapper-checked"
      >
        <span
          class="wmstool-radio-button wmstool-radio-button-checked"
        >
          <input
            checked=""
            class="wmstool-radio-button-input"
            type="radio"
          />
          <span
            class="wmstool-radio-button-inner"
          />
        </span>
        <span>
          English
        </span>
      </label>
      <label
        class="wmstool-radio-button-wrapper"
      >
        <span
          class="wmstool-radio-button"
        >
          <input
            class="wmstool-radio-button-input"
            type="radio"
            value="[object Object]"
          />
          <span
            class="wmstool-radio-button-inner"
          />
        </span>
        <span>
          中文
        </span>
      </label>
    </div>
  </div>
  <div
    class="locale-components"
  >
    <div
      class="example"
    >
      <ul
        class="wmstool-pagination "
        unselectable="unselectable"
      >
        <li
          aria-disabled="true"
          class="wmstool-pagination-disabled wmstool-pagination-prev"
          tabindex="0"
          title="Previous Page"
        >
          <a
            class="wmstool-pagination-item-link"
          />
        </li>
        <li
          class="wmstool-pagination-item wmstool-pagination-item-1 wmstool-pagination-item-active"
          tabindex="0"
          title="1"
        >
          <a>
            1
          </a>
        </li>
        <li
          class="wmstool-pagination-item wmstool-pagination-item-2"
          tabindex="0"
          title="2"
        >
          <a>
            2
          </a>
        </li>
        <li
          class="wmstool-pagination-item wmstool-pagination-item-3"
          tabindex="0"
          title="3"
        >
          <a>
            3
          </a>
        </li>
        <li
          class="wmstool-pagination-item wmstool-pagination-item-4"
          tabindex="0"
          title="4"
        >
          <a>
            4
          </a>
        </li>
        <li
          class="wmstool-pagination-item wmstool-pagination-item-5"
          tabindex="0"
          title="5"
        >
          <a>
            5
          </a>
        </li>
        <li
          aria-disabled="false"
          class=" wmstool-pagination-next"
          tabindex="0"
          title="Next Page"
        >
          <a
            class="wmstool-pagination-item-link"
          />
        </li>
        <li
          class="wmstool-pagination-options"
        >
          <div
            class="wmstool-pagination-options-size-changer wmstool-select wmstool-select-enabled"
          >
            <div
              aria-autocomplete="list"
              aria-expanded="false"
              aria-haspopup="true"
              class="wmstool-select-selection
            wmstool-select-selection--single"
              role="combobox"
              tabindex="0"
            >
              <div
                class="wmstool-select-selection__rendered"
              >
                <div
                  class="wmstool-select-selection-selected-value"
                  style="display:block;opacity:1"
                  title="10 / page"
                >
                  10 / page
                </div>
              </div>
              <span
                class="wmstool-select-arrow"
                style="user-select:none;-webkit-user-select:none"
                unselectable="unselectable"
              >
                <b />
              </span>
            </div>
          </div>
        </li>
      </ul>
    </div>
    <div
      class="example"
    >
      <div
        class="wmstool-select wmstool-select-enabled"
        style="width:200px"
      >
        <div
          aria-autocomplete="list"
          aria-expanded="false"
          aria-haspopup="true"
          class="wmstool-select-selection
            wmstool-select-selection--single"
          role="combobox"
          tabindex="0"
        >
          <div
            class="wmstool-select-selection__rendered"
          >
            <div
              class="wmstool-select-search wmstool-select-search--inline"
              style="display:none"
            >
              <div
                class="wmstool-select-search__field__wrap"
              >
                <input
                  autocomplete="off"
                  class="wmstool-select-search__field"
                  value=""
                />
                <span
                  class="wmstool-select-search__field__mirror"
                >
                   
                </span>
              </div>
            </div>
          </div>
          <span
            class="wmstool-select-arrow"
            style="user-select:none;-webkit-user-select:none"
            unselectable="unselectable"
          >
            <b />
          </span>
        </div>
      </div>
      <span
        class="wmstool-calendar-picker"
      >
        <div>
          <input
            class="wmstool-calendar-picker-input wmstool-input"
            placeholder="Select date"
            readonly=""
            value=""
          />
          <span
            class="wmstool-calendar-picker-icon"
          />
        </div>
      </span>
      <span
        class="wmstool-time-picker "
      >
        <input
          class="wmstool-time-picker-input"
          placeholder="Select time"
          type="text"
          value=""
        />
        <span
          class="wmstool-time-picker-icon"
        />
      </span>
      <span
        class="wmstool-calendar-picker"
        style="width:200px"
        tabindex="0"
      >
        <span
          class="wmstool-calendar-picker-input wmstool-input"
        >
          <input
            class="wmstool-calendar-range-picker-input"
            placeholder="Start date"
            readonly=""
            tabindex="-1"
            value=""
          />
          <span
            class="wmstool-calendar-range-picker-separator"
          >
             ~ 
          </span>
          <input
            class="wmstool-calendar-range-picker-input"
            placeholder="End date"
            readonly=""
            tabindex="-1"
            value=""
          />
          <span
            class="wmstool-calendar-picker-icon"
          />
        </span>
      </span>
    </div>
    <div
      class="example"
    >
      <button
        class="wmstool-btn wmstool-btn-primary"
        type="button"
      >
        <span>
          Show Modal
        </span>
      </button>
      <button
        class="wmstool-btn"
        type="button"
      >
        <span>
          Show info
        </span>
      </button>
      <button
        class="wmstool-btn"
        type="button"
      >
        <span>
          Show confirm
        </span>
      </button>
      <a
        href="#"
      >
        Click to confirm
      </a>
    </div>
    <div
      class="example"
    >
      <div
        class="wmstool-transfer"
      >
        <div
          class="wmstool-transfer-list"
        >
          <div
            class="wmstool-transfer-list-header"
          >
            <label
              class="wmstool-checkbox-wrapper"
            >
              <span
                class="wmstool-checkbox"
              >
                <input
                  class="wmstool-checkbox-input"
                  type="checkbox"
                />
                <span
                  class="wmstool-checkbox-inner"
                />
              </span>
            </label>
            <span
              class="wmstool-transfer-list-header-selected"
            >
              <span>
                0 item
              </span>
              <span
                class="wmstool-transfer-list-header-title"
              />
            </span>
          </div>
          <div
            class="wmstool-transfer-list-body wmstool-transfer-list-body-with-search"
          >
            <div
              class="wmstool-transfer-list-body-search-wrapper"
            >
              <div>
                <input
                  class="wmstool-input wmstool-transfer-list-search"
                  placeholder="Search here"
                  type="text"
                  value=""
                />
                <span
                  class="wmstool-transfer-list-search-action"
                >
                  <i
                    class="anticon anticon-search"
                  />
                </span>
              </div>
            </div>
            <ul
              class="wmstool-transfer-list-content"
            />
            <div
              class="wmstool-transfer-list-body-not-found"
            >
              Not Found
            </div>
          </div>
        </div>
        <div
          class="wmstool-transfer-operation"
        >
          <button
            class="wmstool-btn wmstool-btn-primary wmstool-btn-sm wmstool-btn-icon-only"
            disabled=""
            type="button"
          >
            <i
              class="anticon anticon-left"
            />
          </button>
          <button
            class="wmstool-btn wmstool-btn-primary wmstool-btn-sm wmstool-btn-icon-only"
            disabled=""
            type="button"
          >
            <i
              class="anticon anticon-right"
            />
          </button>
        </div>
        <div
          class="wmstool-transfer-list"
        >
          <div
            class="wmstool-transfer-list-header"
          >
            <label
              class="wmstool-checkbox-wrapper"
            >
              <span
                class="wmstool-checkbox"
              >
                <input
                  class="wmstool-checkbox-input"
                  type="checkbox"
                />
                <span
                  class="wmstool-checkbox-inner"
                />
              </span>
            </label>
            <span
              class="wmstool-transfer-list-header-selected"
            >
              <span>
                0 item
              </span>
              <span
                class="wmstool-transfer-list-header-title"
              />
            </span>
          </div>
          <div
            class="wmstool-transfer-list-body wmstool-transfer-list-body-with-search"
          >
            <div
              class="wmstool-transfer-list-body-search-wrapper"
            >
              <div>
                <input
                  class="wmstool-input wmstool-transfer-list-search"
                  placeholder="Search here"
                  type="text"
                  value=""
                />
                <span
                  class="wmstool-transfer-list-search-action"
                >
                  <i
                    class="anticon anticon-search"
                  />
                </span>
              </div>
            </div>
            <ul
              class="wmstool-transfer-list-content"
            />
            <div
              class="wmstool-transfer-list-body-not-found"
            >
              Not Found
            </div>
          </div>
        </div>
      </div>
    </div>
    <div
      style="width:319px;border:1px solid #d9d9d9;border-radius:4px"
    >
      <div
        class=""
      >
        <div
          class="wmstool-fullcalendar-header"
        >
          <div
            class="wmstool-select-sm wmstool-fullcalendar-year-select wmstool-select wmstool-select-enabled"
          >
            <div
              aria-autocomplete="list"
              aria-expanded="false"
              aria-haspopup="true"
              class="wmstool-select-selection
            wmstool-select-selection--single"
              role="combobox"
              tabindex="0"
            >
              <div
                class="wmstool-select-selection__rendered"
              >
                <div
                  class="wmstool-select-selection-selected-value"
                  style="display:block;opacity:1"
                  title="2016"
                >
                  2016
                </div>
              </div>
              <span
                class="wmstool-select-arrow"
                style="user-select:none;-webkit-user-select:none"
                unselectable="unselectable"
              >
                <b />
              </span>
            </div>
          </div>
          <div
            class="wmstool-select-sm wmstool-fullcalendar-month-select wmstool-select wmstool-select-enabled"
          >
            <div
              aria-autocomplete="list"
              aria-expanded="false"
              aria-haspopup="true"
              class="wmstool-select-selection
            wmstool-select-selection--single"
              role="combobox"
              tabindex="0"
            >
              <div
                class="wmstool-select-selection__rendered"
              >
                <div
                  class="wmstool-select-selection-selected-value"
                  style="display:block;opacity:1"
                  title="Nov"
                >
                  Nov
                </div>
              </div>
              <span
                class="wmstool-select-arrow"
                style="user-select:none;-webkit-user-select:none"
                unselectable="unselectable"
              >
                <b />
              </span>
            </div>
          </div>
          <div
            class="wmstool-radio-group wmstool-radio-group-small"
          >
            <label
              class="wmstool-radio-button-wrapper wmstool-radio-button-wrapper-checked"
            >
              <span
                class="wmstool-radio-button wmstool-radio-button-checked"
              >
                <input
                  checked=""
                  class="wmstool-radio-button-input"
                  type="radio"
                  value="date"
                />
                <span
                  class="wmstool-radio-button-inner"
                />
              </span>
              <span>
                Month
              </span>
            </label>
            <label
              class="wmstool-radio-button-wrapper"
            >
              <span
                class="wmstool-radio-button"
              >
                <input
                  class="wmstool-radio-button-input"
                  type="radio"
                  value="month"
                />
                <span
                  class="wmstool-radio-button-inner"
                />
              </span>
              <span>
                Year
              </span>
            </label>
          </div>
        </div>
        <div
          class="wmstool-fullcalendar wmstool-fullcalendar-full"
          tabindex="0"
        >
          <div
            class="wmstool-fullcalendar-calendar-body"
          >
            <table
              cellspacing="0"
              class="wmstool-fullcalendar-table"
              role="grid"
            >
              <thead>
                <tr
                  role="row"
                >
                  <th
                    class="wmstool-fullcalendar-column-header"
                    role="columnheader"
                    title="Sun"
                  >
                    <span
                      class="wmstool-fullcalendar-column-header-inner"
                    >
                      Su
                    </span>
                  </th>
                  <th
                    class="wmstool-fullcalendar-column-header"
                    role="columnheader"
                    title="Mon"
                  >
                    <span
                      class="wmstool-fullcalendar-column-header-inner"
                    >
                      Mo
                    </span>
                  </th>
                  <th
                    class="wmstool-fullcalendar-column-header"
                    role="columnheader"
                    title="Tue"
                  >
                    <span
                      class="wmstool-fullcalendar-column-header-inner"
                    >
                      Tu
                    </span>
                  </th>
                  <th
                    class="wmstool-fullcalendar-column-header"
                    role="columnheader"
                    title="Wed"
                  >
                    <span
                      class="wmstool-fullcalendar-column-header-inner"
                    >
                      We
                    </span>
                  </th>
                  <th
                    class="wmstool-fullcalendar-column-header"
                    role="columnheader"
                    title="Thu"
                  >
                    <span
                      class="wmstool-fullcalendar-column-header-inner"
                    >
                      Th
                    </span>
                  </th>
                  <th
                    class="wmstool-fullcalendar-column-header"
                    role="columnheader"
                    title="Fri"
                  >
                    <span
                      class="wmstool-fullcalendar-column-header-inner"
                    >
                      Fr
                    </span>
                  </th>
                  <th
                    class="wmstool-fullcalendar-column-header"
                    role="columnheader"
                    title="Sat"
                  >
                    <span
                      class="wmstool-fullcalendar-column-header-inner"
                    >
                      Sa
                    </span>
                  </th>
                </tr>
              </thead>
              <tbody
                class="wmstool-fullcalendar-tbody"
              >
                <tr
                  class=""
                  role="row"
                >
                  <td
                    class="wmstool-fullcalendar-cell wmstool-fullcalendar-last-month-cell"
                    role="gridcell"
                    title="October 30, 2016"
                  >
                    <div
                      class="wmstool-fullcalendar-date"
                    >
                      <div
                        class="wmstool-fullcalendar-value"
                      >
                        30
                      </div>
                      <div
                        class="wmstool-fullcalendar-content"
                      />
                    </div>
                  </td>
                  <td
                    class="wmstool-fullcalendar-cell wmstool-fullcalendar-last-month-cell"
                    role="gridcell"
                    title="October 31, 2016"
                  >
                    <div
                      class="wmstool-fullcalendar-date"
                    >
                      <div
                        class="wmstool-fullcalendar-value"
                      >
                        31
                      </div>
                      <div
                        class="wmstool-fullcalendar-content"
                      />
                    </div>
                  </td>
                  <td
                    class="wmstool-fullcalendar-cell"
                    role="gridcell"
                    title="November 1, 2016"
                  >
                    <div
                      class="wmstool-fullcalendar-date"
                    >
                      <div
                        class="wmstool-fullcalendar-value"
                      >
                        01
                      </div>
                      <div
                        class="wmstool-fullcalendar-content"
                      />
                    </div>
                  </td>
                  <td
                    class="wmstool-fullcalendar-cell"
                    role="gridcell"
                    title="November 2, 2016"
                  >
                    <div
                      class="wmstool-fullcalendar-date"
                    >
                      <div
                        class="wmstool-fullcalendar-value"
                      >
                        02
                      </div>
                      <div
                        class="wmstool-fullcalendar-content"
                      />
                    </div>
                  </td>
                  <td
                    class="wmstool-fullcalendar-cell"
                    role="gridcell"
                    title="November 3, 2016"
                  >
                    <div
                      class="wmstool-fullcalendar-date"
                    >
                      <div
                        class="wmstool-fullcalendar-value"
                      >
                        03
                      </div>
                      <div
                        class="wmstool-fullcalendar-content"
                      />
                    </div>
                  </td>
                  <td
                    class="wmstool-fullcalendar-cell"
                    role="gridcell"
                    title="November 4, 2016"
                  >
                    <div
                      class="wmstool-fullcalendar-date"
                    >
                      <div
                        class="wmstool-fullcalendar-value"
                      >
                        04
                      </div>
                      <div
                        class="wmstool-fullcalendar-content"
                      />
                    </div>
                  </td>
                  <td
                    class="wmstool-fullcalendar-cell"
                    role="gridcell"
                    title="November 5, 2016"
                  >
                    <div
                      class="wmstool-fullcalendar-date"
                    >
                      <div
                        class="wmstool-fullcalendar-value"
                      >
                        05
                      </div>
                      <div
                        class="wmstool-fullcalendar-content"
                      />
                    </div>
                  </td>
                </tr>
                <tr
                  class=""
                  role="row"
                >
                  <td
                    class="wmstool-fullcalendar-cell"
                    role="gridcell"
                    title="November 6, 2016"
                  >
                    <div
                      class="wmstool-fullcalendar-date"
                    >
                      <div
                        class="wmstool-fullcalendar-value"
                      >
                        06
                      </div>
                      <div
                        class="wmstool-fullcalendar-content"
                      />
                    </div>
                  </td>
                  <td
                    class="wmstool-fullcalendar-cell"
                    role="gridcell"
                    title="November 7, 2016"
                  >
                    <div
                      class="wmstool-fullcalendar-date"
                    >
                      <div
                        class="wmstool-fullcalendar-value"
                      >
                        07
                      </div>
                      <div
                        class="wmstool-fullcalendar-content"
                      />
                    </div>
                  </td>
                  <td
                    class="wmstool-fullcalendar-cell"
                    role="gridcell"
                    title="November 8, 2016"
                  >
                    <div
                      class="wmstool-fullcalendar-date"
                    >
                      <div
                        class="wmstool-fullcalendar-value"
                      >
                        08
                      </div>
                      <div
                        class="wmstool-fullcalendar-content"
                      />
                    </div>
                  </td>
                  <td
                    class="wmstool-fullcalendar-cell"
                    role="gridcell"
                    title="November 9, 2016"
                  >
                    <div
                      class="wmstool-fullcalendar-date"
                    >
                      <div
                        class="wmstool-fullcalendar-value"
                      >
                        09
                      </div>
                      <div
                        class="wmstool-fullcalendar-content"
                      />
                    </div>
                  </td>
                  <td
                    class="wmstool-fullcalendar-cell"
                    role="gridcell"
                    title="November 10, 2016"
                  >
                    <div
                      class="wmstool-fullcalendar-date"
                    >
                      <div
                        class="wmstool-fullcalendar-value"
                      >
                        10
                      </div>
                      <div
                        class="wmstool-fullcalendar-content"
                      />
                    </div>
                  </td>
                  <td
                    class="wmstool-fullcalendar-cell"
                    role="gridcell"
                    title="November 11, 2016"
                  >
                    <div
                      class="wmstool-fullcalendar-date"
                    >
                      <div
                        class="wmstool-fullcalendar-value"
                      >
                        11
                      </div>
                      <div
                        class="wmstool-fullcalendar-content"
                      />
                    </div>
                  </td>
                  <td
                    class="wmstool-fullcalendar-cell"
                    role="gridcell"
                    title="November 12, 2016"
                  >
                    <div
                      class="wmstool-fullcalendar-date"
                    >
                      <div
                        class="wmstool-fullcalendar-value"
                      >
                        12
                      </div>
                      <div
                        class="wmstool-fullcalendar-content"
                      />
                    </div>
                  </td>
                </tr>
                <tr
                  class=""
                  role="row"
                >
                  <td
                    class="wmstool-fullcalendar-cell"
                    role="gridcell"
                    title="November 13, 2016"
                  >
                    <div
                      class="wmstool-fullcalendar-date"
                    >
                      <div
                        class="wmstool-fullcalendar-value"
                      >
                        13
                      </div>
                      <div
                        class="wmstool-fullcalendar-content"
                      />
                    </div>
                  </td>
                  <td
                    class="wmstool-fullcalendar-cell"
                    role="gridcell"
                    title="November 14, 2016"
                  >
                    <div
                      class="wmstool-fullcalendar-date"
                    >
                      <div
                        class="wmstool-fullcalendar-value"
                      >
                        14
                      </div>
                      <div
                        class="wmstool-fullcalendar-content"
                      />
                    </div>
                  </td>
                  <td
                    class="wmstool-fullcalendar-cell"
                    role="gridcell"
                    title="November 15, 2016"
                  >
                    <div
                      class="wmstool-fullcalendar-date"
                    >
                      <div
                        class="wmstool-fullcalendar-value"
                      >
                        15
                      </div>
                      <div
                        class="wmstool-fullcalendar-content"
                      />
                    </div>
                  </td>
                  <td
                    class="wmstool-fullcalendar-cell"
                    role="gridcell"
                    title="November 16, 2016"
                  >
                    <div
                      class="wmstool-fullcalendar-date"
                    >
                      <div
                        class="wmstool-fullcalendar-value"
                      >
                        16
                      </div>
                      <div
                        class="wmstool-fullcalendar-content"
                      />
                    </div>
                  </td>
                  <td
                    class="wmstool-fullcalendar-cell"
                    role="gridcell"
                    title="November 17, 2016"
                  >
                    <div
                      class="wmstool-fullcalendar-date"
                    >
                      <div
                        class="wmstool-fullcalendar-value"
                      >
                        17
                      </div>
                      <div
                        class="wmstool-fullcalendar-content"
                      />
                    </div>
                  </td>
                  <td
                    class="wmstool-fullcalendar-cell"
                    role="gridcell"
                    title="November 18, 2016"
                  >
                    <div
                      class="wmstool-fullcalendar-date"
                    >
                      <div
                        class="wmstool-fullcalendar-value"
                      >
                        18
                      </div>
                      <div
                        class="wmstool-fullcalendar-content"
                      />
                    </div>
                  </td>
                  <td
                    class="wmstool-fullcalendar-cell"
                    role="gridcell"
                    title="November 19, 2016"
                  >
                    <div
                      class="wmstool-fullcalendar-date"
                    >
                      <div
                        class="wmstool-fullcalendar-value"
                      >
                        19
                      </div>
                      <div
                        class="wmstool-fullcalendar-content"
                      />
                    </div>
                  </td>
                </tr>
                <tr
                  class="wmstool-fullcalendar-current-week wmstool-fullcalendar-active-week"
                  role="row"
                >
                  <td
                    class="wmstool-fullcalendar-cell"
                    role="gridcell"
                    title="November 20, 2016"
                  >
                    <div
                      class="wmstool-fullcalendar-date"
                    >
                      <div
                        class="wmstool-fullcalendar-value"
                      >
                        20
                      </div>
                      <div
                        class="wmstool-fullcalendar-content"
                      />
                    </div>
                  </td>
                  <td
                    class="wmstool-fullcalendar-cell"
                    role="gridcell"
                    title="November 21, 2016"
                  >
                    <div
                      class="wmstool-fullcalendar-date"
                    >
                      <div
                        class="wmstool-fullcalendar-value"
                      >
                        21
                      </div>
                      <div
                        class="wmstool-fullcalendar-content"
                      />
                    </div>
                  </td>
                  <td
                    class="wmstool-fullcalendar-cell wmstool-fullcalendar-today wmstool-fullcalendar-selected-day"
                    role="gridcell"
                    title="November 22, 2016"
                  >
                    <div
                      class="wmstool-fullcalendar-date"
                    >
                      <div
                        class="wmstool-fullcalendar-value"
                      >
                        22
                      </div>
                      <div
                        class="wmstool-fullcalendar-content"
                      />
                    </div>
                  </td>
                  <td
                    class="wmstool-fullcalendar-cell"
                    role="gridcell"
                    title="November 23, 2016"
                  >
                    <div
                      class="wmstool-fullcalendar-date"
                    >
                      <div
                        class="wmstool-fullcalendar-value"
                      >
                        23
                      </div>
                      <div
                        class="wmstool-fullcalendar-content"
                      />
                    </div>
                  </td>
                  <td
                    class="wmstool-fullcalendar-cell"
                    role="gridcell"
                    title="November 24, 2016"
                  >
                    <div
                      class="wmstool-fullcalendar-date"
                    >
                      <div
                        class="wmstool-fullcalendar-value"
                      >
                        24
                      </div>
                      <div
                        class="wmstool-fullcalendar-content"
                      />
                    </div>
                  </td>
                  <td
                    class="wmstool-fullcalendar-cell"
                    role="gridcell"
                    title="November 25, 2016"
                  >
                    <div
                      class="wmstool-fullcalendar-date"
                    >
                      <div
                        class="wmstool-fullcalendar-value"
                      >
                        25
                      </div>
                      <div
                        class="wmstool-fullcalendar-content"
                      />
                    </div>
                  </td>
                  <td
                    class="wmstool-fullcalendar-cell"
                    role="gridcell"
                    title="November 26, 2016"
                  >
                    <div
                      class="wmstool-fullcalendar-date"
                    >
                      <div
                        class="wmstool-fullcalendar-value"
                      >
                        26
                      </div>
                      <div
                        class="wmstool-fullcalendar-content"
                      />
                    </div>
                  </td>
                </tr>
                <tr
                  class=""
                  role="row"
                >
                  <td
                    class="wmstool-fullcalendar-cell"
                    role="gridcell"
                    title="November 27, 2016"
                  >
                    <div
                      class="wmstool-fullcalendar-date"
                    >
                      <div
                        class="wmstool-fullcalendar-value"
                      >
                        27
                      </div>
                      <div
                        class="wmstool-fullcalendar-content"
                      />
                    </div>
                  </td>
                  <td
                    class="wmstool-fullcalendar-cell"
                    role="gridcell"
                    title="November 28, 2016"
                  >
                    <div
                      class="wmstool-fullcalendar-date"
                    >
                      <div
                        class="wmstool-fullcalendar-value"
                      >
                        28
                      </div>
                      <div
                        class="wmstool-fullcalendar-content"
                      />
                    </div>
                  </td>
                  <td
                    class="wmstool-fullcalendar-cell"
                    role="gridcell"
                    title="November 29, 2016"
                  >
                    <div
                      class="wmstool-fullcalendar-date"
                    >
                      <div
                        class="wmstool-fullcalendar-value"
                      >
                        29
                      </div>
                      <div
                        class="wmstool-fullcalendar-content"
                      />
                    </div>
                  </td>
                  <td
                    class="wmstool-fullcalendar-cell"
                    role="gridcell"
                    title="November 30, 2016"
                  >
                    <div
                      class="wmstool-fullcalendar-date"
                    >
                      <div
                        class="wmstool-fullcalendar-value"
                      >
                        30
                      </div>
                      <div
                        class="wmstool-fullcalendar-content"
                      />
                    </div>
                  </td>
                  <td
                    class="wmstool-fullcalendar-cell wmstool-fullcalendar-next-month-btn-day"
                    role="gridcell"
                    title="December 1, 2016"
                  >
                    <div
                      class="wmstool-fullcalendar-date"
                    >
                      <div
                        class="wmstool-fullcalendar-value"
                      >
                        01
                      </div>
                      <div
                        class="wmstool-fullcalendar-content"
                      />
                    </div>
                  </td>
                  <td
                    class="wmstool-fullcalendar-cell wmstool-fullcalendar-next-month-btn-day"
                    role="gridcell"
                    title="December 2, 2016"
                  >
                    <div
                      class="wmstool-fullcalendar-date"
                    >
                      <div
                        class="wmstool-fullcalendar-value"
                      >
                        02
                      </div>
                      <div
                        class="wmstool-fullcalendar-content"
                      />
                    </div>
                  </td>
                  <td
                    class="wmstool-fullcalendar-cell wmstool-fullcalendar-next-month-btn-day"
                    role="gridcell"
                    title="December 3, 2016"
                  >
                    <div
                      class="wmstool-fullcalendar-date"
                    >
                      <div
                        class="wmstool-fullcalendar-value"
                      >
                        03
                      </div>
                      <div
                        class="wmstool-fullcalendar-content"
                      />
                    </div>
                  </td>
                </tr>
                <tr
                  class=""
                  role="row"
                >
                  <td
                    class="wmstool-fullcalendar-cell wmstool-fullcalendar-next-month-btn-day"
                    role="gridcell"
                    title="December 4, 2016"
                  >
                    <div
                      class="wmstool-fullcalendar-date"
                    >
                      <div
                        class="wmstool-fullcalendar-value"
                      >
                        04
                      </div>
                      <div
                        class="wmstool-fullcalendar-content"
                      />
                    </div>
                  </td>
                  <td
                    class="wmstool-fullcalendar-cell wmstool-fullcalendar-next-month-btn-day"
                    role="gridcell"
                    title="December 5, 2016"
                  >
                    <div
                      class="wmstool-fullcalendar-date"
                    >
                      <div
                        class="wmstool-fullcalendar-value"
                      >
                        05
                      </div>
                      <div
                        class="wmstool-fullcalendar-content"
                      />
                    </div>
                  </td>
                  <td
                    class="wmstool-fullcalendar-cell wmstool-fullcalendar-next-month-btn-day"
                    role="gridcell"
                    title="December 6, 2016"
                  >
                    <div
                      class="wmstool-fullcalendar-date"
                    >
                      <div
                        class="wmstool-fullcalendar-value"
                      >
                        06
                      </div>
                      <div
                        class="wmstool-fullcalendar-content"
                      />
                    </div>
                  </td>
                  <td
                    class="wmstool-fullcalendar-cell wmstool-fullcalendar-next-month-btn-day"
                    role="gridcell"
                    title="December 7, 2016"
                  >
                    <div
                      class="wmstool-fullcalendar-date"
                    >
                      <div
                        class="wmstool-fullcalendar-value"
                      >
                        07
                      </div>
                      <div
                        class="wmstool-fullcalendar-content"
                      />
                    </div>
                  </td>
                  <td
                    class="wmstool-fullcalendar-cell wmstool-fullcalendar-next-month-btn-day"
                    role="gridcell"
                    title="December 8, 2016"
                  >
                    <div
                      class="wmstool-fullcalendar-date"
                    >
                      <div
                        class="wmstool-fullcalendar-value"
                      >
                        08
                      </div>
                      <div
                        class="wmstool-fullcalendar-content"
                      />
                    </div>
                  </td>
                  <td
                    class="wmstool-fullcalendar-cell wmstool-fullcalendar-next-month-btn-day"
                    role="gridcell"
                    title="December 9, 2016"
                  >
                    <div
                      class="wmstool-fullcalendar-date"
                    >
                      <div
                        class="wmstool-fullcalendar-value"
                      >
                        09
                      </div>
                      <div
                        class="wmstool-fullcalendar-content"
                      />
                    </div>
                  </td>
                  <td
                    class="wmstool-fullcalendar-cell wmstool-fullcalendar-next-month-btn-day"
                    role="gridcell"
                    title="December 10, 2016"
                  >
                    <div
                      class="wmstool-fullcalendar-date"
                    >
                      <div
                        class="wmstool-fullcalendar-value"
                      >
                        10
                      </div>
                      <div
                        class="wmstool-fullcalendar-content"
                      />
                    </div>
                  </td>
                </tr>
              </tbody>
            </table>
          </div>
        </div>
      </div>
    </div>
    <div
      class="example"
    >
      <div
        class="wmstool-table-wrapper"
        id=""
      >
        <div
          class="wmstool-spin-nested-loading"
        >
          <div
            class="wmstool-spin-container"
          >
            <div
              class="wmstool-table wmstool-table-large wmstool-table-empty lazy-table-7527853644205396 wmstool-table-scroll-position-left"
            >
              <div
                class="wmstool-table-content"
              >
                <div
                  class="wmstool-table-body"
                >
                  <table
                    class=""
                  >
                    <colgroup>
                      <col />
                      <col />
                    </colgroup>
                    <thead
                      class="wmstool-table-thead"
                    >
                      <tr>
                        <th
                          class=""
                        >
                          <span>
                            Name
                            <i
                              class="anticon anticon-filter wmstool-dropdown-trigger"
                              title="Filter menu"
                            />
                          </span>
                        </th>
                        <th
                          class=""
                        >
                          <span>
                            Age
                          </span>
                        </th>
                      </tr>
                    </thead>
                    <tbody
                      class="wmstool-table-tbody"
                    />
                  </table>
                </div>
                <div
                  class="wmstool-table-placeholder"
                >
                  No data
                </div>
              </div>
            </div>
          </div>
        </div>
      </div>
    </div>
  </div>
</div>
`;

exports[`renders ./components/locale-provider/demo/basic.md correctly 1`] = `
<div>
  <ul
    class="wmstool-pagination "
    unselectable="unselectable"
  >
    <li
      aria-disabled="true"
      class="wmstool-pagination-disabled wmstool-pagination-prev"
      tabindex="0"
      title="Previous Page"
    >
      <a
        class="wmstool-pagination-item-link"
      />
    </li>
    <li
      class="wmstool-pagination-item wmstool-pagination-item-1 wmstool-pagination-item-active"
      tabindex="0"
      title="1"
    >
      <a>
        1
      </a>
    </li>
    <li
      class="wmstool-pagination-item wmstool-pagination-item-2"
      tabindex="0"
      title="2"
    >
      <a>
        2
      </a>
    </li>
    <li
      class="wmstool-pagination-item wmstool-pagination-item-3"
      tabindex="0"
      title="3"
    >
      <a>
        3
      </a>
    </li>
    <li
      class="wmstool-pagination-item wmstool-pagination-item-4"
      tabindex="0"
      title="4"
    >
      <a>
        4
      </a>
    </li>
    <li
      class="wmstool-pagination-item wmstool-pagination-item-5"
      tabindex="0"
      title="5"
    >
      <a>
        5
      </a>
    </li>
    <li
      aria-disabled="false"
      class=" wmstool-pagination-next"
      tabindex="0"
      title="Next Page"
    >
      <a
        class="wmstool-pagination-item-link"
      />
    </li>
    <li
      class="wmstool-pagination-options"
    >
      <div
        class="wmstool-pagination-options-size-changer wmstool-select wmstool-select-enabled"
      >
        <div
          aria-autocomplete="list"
          aria-expanded="false"
          aria-haspopup="true"
          class="wmstool-select-selection
            wmstool-select-selection--single"
          role="combobox"
          tabindex="0"
        >
          <div
            class="wmstool-select-selection__rendered"
          >
            <div
              class="wmstool-select-selection-selected-value"
              style="display:block;opacity:1"
              title="10 / page"
            >
              10 / page
            </div>
          </div>
          <span
            class="wmstool-select-arrow"
            style="user-select:none;-webkit-user-select:none"
            unselectable="unselectable"
          >
            <b />
          </span>
        </div>
      </div>
    </li>
  </ul>
</div>
`;
